{"synthetic": false,
 "schemaVersion": "2025-09-10",
 "outputs":
 {"o": ["be487d8311fdedab.olean"],
  "m": false,
  "i": "0bb6dcf38e7e53c6.ilean",
  "c": "a37b68b2fdfeb693.c"},
 "log":
 [{"message":
   ".> LEAN_PATH=D:\\2026cumcm\\codes\\lean_formalization\\.lake\\packages\\Cli\\.lake\\build\\lib\\lean;D:\\2026cumcm\\codes\\lean_formalization\\.lake\\packages\\batteries\\.lake\\build\\lib\\lean;D:\\2026cumcm\\codes\\lean_formalization\\.lake\\packages\\Qq\\.lake\\build\\lib\\lean;D:\\2026cumcm\\codes\\lean_formalization\\.lake\\packages\\aesop\\.lake\\build\\lib\\lean;D:\\2026cumcm\\codes\\lean_formalization\\.lake\\packages\\proofwidgets\\.lake\\build\\lib\\lean;D:\\2026cumcm\\codes\\lean_formalization\\.lake\\packages\\importGraph\\.lake\\build\\lib\\lean;D:\\2026cumcm\\codes\\lean_formalization\\.lake\\packages\\LeanSearchClient\\.lake\\build\\lib\\lean;D:\\2026cumcm\\codes\\lean_formalization\\.lake\\packages\\plausible\\.lake\\build\\lib\\lean;D:\\2026cumcm\\codes\\lean_formalization\\_setup\\mathlib4\\.lake\\build\\lib\\lean;D:\\2026cumcm\\codes\\lean_formalization\\.lake\\build\\lib\\lean c:\\Users\\asus\\.elan\\toolchains\\leanprover--lean4---v4.33.0\\bin\\lean.exe D:\\2026cumcm\\codes\\lean_formalization\\Renzheng.lean -o D:\\2026cumcm\\codes\\lean_formalization\\.lake\\build\\lib\\lean\\Renzheng.olean -i D:\\2026cumcm\\codes\\lean_formalization\\.lake\\build\\lib\\lean\\Renzheng.ilean -c D:\\2026cumcm\\codes\\lean_formalization\\.lake\\build\\ir\\Renzheng.c --setup D:\\2026cumcm\\codes\\lean_formalization\\.lake\\build\\ir\\Renzheng.setup.json --json",
   "level": "trace"}],
 "inputs":
 [["deps",
   [["renzheng/Renzheng:extraDep",
     [["@renzheng:extraDep", "00000000000006bb"]]],
    ["imports",
     [["Renzheng.Core transitive imports (legacy)", "1e7fa78c30755eed"],
      ["Renzheng.Core:importAllArts", "2cc4273d2fc3f170"]]]]],
  ["libs",
   [["import dynlibs", "00000000000006bb"],
    ["package external libraries", "00000000000006bb"],
    ["module dynlibs", "00000000000006bb"],
    ["module plugins", "00000000000006bb"]]],
  ["Lean 4.33.0, commit d8b18978322de05a8f3dba51ef03cf5461676c17",
   "3eca9d16ab6c877d"],
  ["D:\\2026cumcm\\codes\\lean_formalization\\Renzheng.lean",
   "a488c9c41b8fbad7"],
  ["options", "00000000000006bb"],
  ["isModule: false", "feefd2a0d3a1847e"],
  ["Module.name: Renzheng", "dd8eec3d591da8a9"],
  ["Package.id?: (some renzheng)", "a0d7aa5c1706578b"],
  ["Module.leanArgs: #[]", "00000000000006bb"]],
 "depHash": "6b5823c326537a7d"}